---
source: src/view/console.rs
expression: result
---

   ░██████   ░████   ░██   ░██   ░████
 ░██   ░██ ░██   ░██ ░██   ░██ ░██   ░██
 ░██   ░██ ░██       ░██   ░██ ░████████
 ░██   ░██ ░██   ░██ ░██   ░██ ░██
   ░██████   ░████     ░██████   ░████
       ░██
   ░████


 connected to: https://db.cluster-cf0abc1xyzjk.us-east-1.neptune.amazonaws.com:8182

 config
   output format                  csv
   output path                    .gcue
   write output                   OFF

 commands
   clear                          clear screen
   format                         csv/json
   help / :h                      show help
   output                         <PATH> / reset
   quit / exit / bye / :q         quit
   write                          on/off

 keymaps
   ↑ / k                          scroll up in query history
   ↓ / j                          scroll down in query history
